Microchip MPLAB XC8 Compiler V2.32

Linker command line:

-W-3 --edf=C:\Program Files\Microchip\xc8\v2.32\pic\dat\en_msgs.txt \
  -pivt0x8=08h -cn -h+dist/default/production\cansw_injector.production.sym \
  --cmf=dist/default/production\cansw_injector.production.cmf -z -Q18F26K83 \
  -oC:\Users\Joe\AppData\Local\Temp\xcAscs.4 --defsym=__MPLAB_BUILD=1 \
  -Mdist/default/production/cansw_injector.production.map -E1 \
  -ver=XC8 Compiler -ASTACK=065h-0FFFh -pstack=STACK -ACODE=00h-0FFFFh \
  -ACONST=00h-0FFFFh -ASMALLCONST=01000h-010FFhx240 \
  -AMEDIUMCONST=01000h-0FFFFh -ACOMRAM=01h-05Fh -AABS1=00h-0FFFh \
  -ABIGRAM=01h-0FFFh -ARAM=060h-0FFh,0100h-01FFhx15 -ABANK0=060h-0FFh \
  -ABANK1=0100h-01FFh -ABANK2=0200h-02FFh -ABANK3=0300h-03FFh \
  -ABANK4=0400h-04FFh -ABANK5=0500h-05FFh -ABANK6=0600h-06FFh \
  -ABANK7=0700h-07FFh -ABANK8=0800h-08FFh -ABANK9=0900h-09FFh \
  -ABANK10=0A00h-0AFFh -ABANK11=0B00h-0BFFh -ABANK12=0C00h-0CFFh \
  -ABANK13=0D00h-0DFFh -ABANK14=0E00h-0EFFh -ABANK15=0F00h-0FFFh \
  -ASFR=03700h-037FFhx8,03F00h-03F5Fh,03F60h-03FFFh \
  -ACONFIG=0300000h-0300009h -AIDLOC=0200000h-020000Fh \
  -AEEDATA=0310000h-03103FFh -peeprom_data=EEDATA -preset_vec=00h \
  -ppowerup=CODE,init -pramtop=01000h -psmallconst=SMALLCONST \
  -pmediumconst=MEDIUMCONST -pconst=CONST -AFARRAM=00h-00h \
  -prdata=COMRAM,nvrram=COMRAM,nvbit=COMRAM,rbss=COMRAM,rbit=COMRAM \
  -pfarbss=FARRAM,fardata=FARRAM,nvFARRAM=FARRAM \
  -pintsave_regs=BIGRAM,bigbss=BIGRAM,bigdata=BIGRAM -pbss=RAM \
  -pidata=CODE,irdata=CODE,ibigdata=CODE,ifardata=CODE -prparam=COMRAM \
  C:\Users\Joe\AppData\Local\Temp\xcAscs.o \
  dist/default/production\cansw_injector.production.o 

Object code version is 3.11

Machine type is 18F26K83



                Name                               Link     Load   Length Selector   Space Scale
C:\Users\Joe\AppData\Local\Temp\xcAscs.o
                idloc                            200000   200000       10        0       5
                config                           300000   300000        A        0       4
                init                                 1A       1A        4        4       0
                reset_vec                             0        0        4        0       0
dist/default/production\cansw_injector.production.o
                idloc                            200000   200000       10        0       5
                config                           300000   300000        A        0       4
                ivt0x8                                8        8       12        4       0
                text10                              1E6      1E6       5A        4       0
                text9                                1E       1E      16C        4       0
                text8                               31C      31C       26        4       0
                text7                               240      240       3E        4       0
                text6                               18A      18A       5C        4       0
                text5                               38C      38C        8        4       0
                text4                               2EC      2EC       30        4       0
                text3                               27E      27E       38        4       0
                text2                               342      342       24        4       0
                text1                               366      366       16        4       0
                text0                               37C      37C       10        4       0
                cstackCOMRAM                          1        1       25        1       1
                cstackBANK0                          60       60        5       60       1
                dataCOMRAM                           43       43        1        1       1
                bssCOMRAM                            26       26       1D        1       1
                cinit                               2B6      2B6       36        4       0
                idataCOMRAM                         394      394        1        4       0

TOTAL           Name                               Link     Load   Length     Space
        CLASS   STACK          

        CLASS   CODE           
                init                                 1A       1A        4         0
                reset_vec                             0        0        4         0
                ivt0x8                                8        8       12         0
                text10                              1E6      1E6       5A         0
                text9                                1E       1E      16C         0
                text8                               31C      31C       26         0
                text7                               240      240       3E         0
                text6                               18A      18A       5C         0
                text5                               38C      38C        8         0
                text4                               2EC      2EC       30         0
                text3                               27E      27E       38         0
                text2                               342      342       24         0
                text1                               366      366       16         0
                text0                               37C      37C       10         0
                cinit                               2B6      2B6       36         0
                idataCOMRAM                         394      394        1         0

        CLASS   CONST          

        CLASS   SMALLCONST     

        CLASS   MEDIUMCONST    

        CLASS   COMRAM         
                cstackCOMRAM                          1        1       25         1
                dataCOMRAM                           43       43        1         1
                bssCOMRAM                            26       26       1D         1

        CLASS   ABS1           

        CLASS   BIGRAM         

        CLASS   RAM            

        CLASS   BANK0          
                cstackBANK0                          60       60        5         1

        CLASS   BANK1          

        CLASS   BANK2          

        CLASS   BANK3          

        CLASS   BANK4          

        CLASS   BANK5          

        CLASS   BANK6          

        CLASS   BANK7          

        CLASS   BANK8          

        CLASS   BANK9          

        CLASS   BANK10         

        CLASS   BANK11         

        CLASS   BANK12         

        CLASS   BANK13         

        CLASS   BANK14         

        CLASS   BANK15         

        CLASS   SFR            

        CLASS   CONFIG         
                config                           300000   300000        A         4

        CLASS   IDLOC          
                idloc                            200000   200000       10         5

        CLASS   EEDATA         

        CLASS   FARRAM         



SEGMENTS        Name                           Load    Length   Top    Selector   Space  Class

                reset_vec                      000000  000004  000004         0       0  CODE    
                cstackCOMRAM                   000001  000043  000044         1       1  COMRAM  
                ivt0x8                         000008  00038D  000395         4       0  CODE    
                cstackBANK0                    000060  000005  000065        60       1  BANK0   


UNUSED ADDRESS RANGES

        Name                Unused          Largest block    Delta
        BANK0            000065-0000FF               9B
        BANK1            000100-0001FF              100
        BANK10           000A00-000AFF              100
        BANK11           000B00-000BFF              100
        BANK12           000C00-000CFF              100
        BANK13           000D00-000DFF              100
        BANK14           000E00-000EFF              100
        BANK15           000F00-000FFF              100
        BANK2            000200-0002FF              100
        BANK3            000300-0003FF              100
        BANK4            000400-0004FF              100
        BANK5            000500-0005FF              100
        BANK6            000600-0006FF              100
        BANK7            000700-0007FF              100
        BANK8            000800-0008FF              100
        BANK9            000900-0009FF              100
        BIGRAM           000044-00005F               1C
                         000065-000FFF              F9B
        CODE             000004-000007                4
                         000395-00FFFF             FC6B
        COMRAM           000044-00005F               1C
        CONST            000004-000007                4
                         000395-00FFFF             FC6B
        EEDATA           310000-3103FF              400
        MEDIUMCONST      001000-00FFFF             F000
        RAM              000065-000FFF              100
        SFR              003700-003FFF              100
        SMALLCONST       001000-00FFFF              100
        STACK            000065-000FFF              F9B

                                  Symbol Table

IVTBASEH                               (abs)        003FD6
IVTBASEL                               (abs)        003FD5
IVTBASEU                               (abs)        003FD7
_ADACCH                                (abs)        003EE9
_ADACCL                                (abs)        003EE8
_ADACCU                                (abs)        003EEA
_ADACQH                                (abs)        003EF4
_ADACQL                                (abs)        003EF3
_ADACT                                 (abs)        003EFE
_ADCAP                                 (abs)        003EF5
_ADCC_Initialize                       text6        00018A
_ADCLK                                 (abs)        003EFF
_ADCNT                                 (abs)        003EEB
_ADCON0                                (abs)        003EF8
_ADCON0bits                            (abs)        003EF8
_ADCON1                                (abs)        003EF9
_ADCON1bits                            (abs)        003EF9
_ADCON2                                (abs)        003EFA
_ADCON2bits                            (abs)        003EFA
_ADCON3                                (abs)        003EFB
_ADCON3bits                            (abs)        003EFB
_ADERRH                                (abs)        003EE3
_ADERRL                                (abs)        003EE2
_ADFLTRH                               (abs)        003EE7
_ADFLTRL                               (abs)        003EE6
_ADLTHH                                (abs)        003EDF
_ADLTHL                                (abs)        003EDE
_ADPCH                                 (abs)        003EF1
_ADPREH                                (abs)        003EF7
_ADPREL                                (abs)        003EF6
_ADPREVH                               (abs)        003EEE
_ADPREVL                               (abs)        003EED
_ADREF                                 (abs)        003EFD
_ADRESH                                (abs)        003EF0
_ADRESL                                (abs)        003EEF
_ADRPT                                 (abs)        003EEC
_ADSTAT                                (abs)        003EFC
_ADSTATbits                            (abs)        003EFC
_ADSTPTH                               (abs)        003EE5
_ADSTPTL                               (abs)        003EE4
_ADUTHH                                (abs)        003EE1
_ADUTHL                                (abs)        003EE0
_ANSELA                                (abs)        003A40
_ANSELB                                (abs)        003A50
_ANSELB0                               (abs)        01D280
_ANSELB1                               (abs)        01D281
_ANSELC                                (abs)        003A60
_BRGCON1bits                           (abs)        003703
_BRGCON2bits                           (abs)        003704
_BRGCON3bits                           (abs)        003705
_CANCONbits                            (abs)        003F8F
_CANSTATbits                           (abs)        003F8E
_CIOCONbits                            (abs)        003700
_COMSTATbits                           (abs)        003F90
_ECANCONbits                           (abs)        003F91
_FVRCON                                (abs)        003EC1
_FVRCONbits                            (abs)        003EC1
_FVR_Initialize                        text5        00038C
_LATA                                  (abs)        003FBA
_LATB                                  (abs)        003FBB
_LATB0                                 (abs)        01FDD8
_LATB2                                 (abs)        01FDDA
_LATB3                                 (abs)        01FDDB
_LATB4                                 (abs)        01FDDC
_LATB5                                 (abs)        01FDDD
_LATC                                  (abs)        003FBC
_LATC2                                 (abs)        01FDE2
_LATC3                                 (abs)        01FDE3
_LATC4                                 (abs)        01FDE4
_ODCONA                                (abs)        003A42
_ODCONB                                (abs)        003A52
_ODCONC                                (abs)        003A62
_OSCCON1bits                           (abs)        0039D9
_OSCCON2                               (abs)        0039DA
_OSCCON3bits                           (abs)        0039DB
_OSCILLATOR_Initialize                 text4        0002EC
_PIE3bits                              (abs)        003993
_PIE5bits                              (abs)        003995
_PIN_MANAGER_Initialize                text3        00027E
_PIR3bits                              (abs)        0039A3
_PIR5                                  (abs)        0039A5
_PIR5bits                              (abs)        0039A5
_PMD0                                  (abs)        0039C0
_PMD1                                  (abs)        0039C1
_PMD2                                  (abs)        0039C2
_PMD3                                  (abs)        0039C3
_PMD4                                  (abs)        0039C4
_PMD5                                  (abs)        0039C5
_PMD6                                  (abs)        0039C6
_PMD7                                  (abs)        0039C7
_PMD_Initialize                        text2        000342
_PORTBbits                             (abs)        003FCB
_RXB0CONbits                           (abs)        003F80
_RXB0D0                                (abs)        003F86
_RXB0DLCbits                           (abs)        003F85
_RXB0SIDH                              (abs)        003F81
_RXB0SIDL                              (abs)        003F82
_RXB1CONbits                           (abs)        0037F0
_RXB1D0                                (abs)        0037F6
_RXB1DLCbits                           (abs)        0037F5
_RXB1SIDH                              (abs)        0037F1
_RXB1SIDL                              (abs)        0037F2
_RXM0SIDH                              (abs)        0037B8
_RXM0SIDL                              (abs)        0037B9
_RXM1SIDH                              (abs)        0037BC
_RXM1SIDL                              (abs)        0037BD
_SYSTEM_Initialize                     text1        000366
_T0CON0bits                            (abs)        003FB8
_T0CON1bits                            (abs)        003FB9
_TRISA                                 (abs)        003FC2
_TRISB                                 (abs)        003FC3
_TRISB0                                (abs)        01FE18
_TRISB1                                (abs)        01FE19
_TRISB2                                (abs)        01FE1A
_TRISB3                                (abs)        01FE1B
_TRISB4                                (abs)        01FE1C
_TRISB5                                (abs)        01FE1D
_TRISC                                 (abs)        003FC4
_TRISC2                                (abs)        01FE22
_TRISC3                                (abs)        01FE23
_TRISC4                                (abs)        01FE24
_TXB0CONbits                           (abs)        0037E0
_TXB0D0                                (abs)        0037E6
_TXB0DLCbits                           (abs)        0037E5
_TXB0SIDH                              (abs)        0037E1
_TXB0SIDL                              (abs)        0037E2
_WPUA                                  (abs)        003A41
_WPUB                                  (abs)        003A51
_WPUC                                  (abs)        003A61
_WPUE                                  (abs)        003A81
__HRAM                                 (abs)        000000
__Habs1                                abs1         000000
__Hbank0                               bank0        000000
__Hbank1                               bank1        000000
__Hbank10                              bank10       000000
__Hbank11                              bank11       000000
__Hbank12                              bank12       000000
__Hbank13                              bank13       000000
__Hbank14                              bank14       000000
__Hbank15                              bank15       000000
__Hbank2                               bank2        000000
__Hbank3                               bank3        000000
__Hbank4                               bank4        000000
__Hbank5                               bank5        000000
__Hbank6                               bank6        000000
__Hbank7                               bank7        000000
__Hbank8                               bank8        000000
__Hbank9                               bank9        000000
__Hbigbss                              bigbss       000000
__Hbigdata                             bigdata      000000
__Hbigram                              bigram       000000
__Hbss                                 bss          000000
__HbssCOMRAM                           bssCOMRAM    000000
__Hcinit                               cinit        000000
__Hclrtext                             clrtext      000000
__Hcomram                              comram       000000
__Hconfig                              config       30000A
__Hconst                               const        000000
__HcstackBANK0                         cstackBANK0  000000
__HcstackCOMRAM                        cstackCOMRAM 000000
__Hdata                                data         000000
__HdataCOMRAM                          dataCOMRAM   000000
__Heeprom_data                         eeprom_data  000000
__Hfarbss                              farbss       000000
__Hfardata                             fardata      000000
__Hibigdata                            ibigdata     000000
__Hidata                               idata        000000
__HidataCOMRAM                         idataCOMRAM  000000
__Hidloc                               idloc        200010
__Hifardata                            ifardata     000000
__Hinit                                init         00001E
__Hintsave_regs                        intsave_regs 000000
__Hirdata                              irdata       000000
__Hivt0x8                              ivt0x8       00001A
__Hmediumconst                         mediumconst  000000
__HnvFARRAM                            nvFARRAM     000000
__Hnvbit                               nvbit        000000
__Hnvrram                              nvrram       000000
__Hparam                               rparam       000000
__Hpowerup                             powerup      000000
__Hram                                 ram          000000
__Hramtop                              ramtop       001000
__Hrbit                                rbit         000000
__Hrbss                                rbss         000000
__Hrdata                               rdata        000000
__Hreset_vec                           reset_vec    000004
__Hrparam                              rparam       000000
__Hsfr                                 sfr          000000
__Hsmallconst                          smallconst   000000
__Hspace_0                             (abs)        001000
__Hspace_1                             (abs)        000065
__Hspace_2                             (abs)        000000
__Hspace_4                             (abs)        60000A
__Hstack                               stack        000000
__Hstruct                              struct       000000
__Htemp                                temp         000000
__Htext                                text         000000
__Htext0                               text0        000000
__Htext1                               text1        000000
__Htext10                              text10       000000
__Htext2                               text2        000000
__Htext3                               text3        000000
__Htext4                               text4        000000
__Htext5                               text5        000000
__Htext6                               text6        000000
__Htext7                               text7        000000
__Htext8                               text8        000000
__Htext9                               text9        000000
__LRAM                                 (abs)        000001
__Labs1                                abs1         000000
__Lbank0                               bank0        000000
__Lbank1                               bank1        000000
__Lbank10                              bank10       000000
__Lbank11                              bank11       000000
__Lbank12                              bank12       000000
__Lbank13                              bank13       000000
__Lbank14                              bank14       000000
__Lbank15                              bank15       000000
__Lbank2                               bank2        000000
__Lbank3                               bank3        000000
__Lbank4                               bank4        000000
__Lbank5                               bank5        000000
__Lbank6                               bank6        000000
__Lbank7                               bank7        000000
__Lbank8                               bank8        000000
__Lbank9                               bank9        000000
__Lbigbss                              bigbss       000000
__Lbigdata                             bigdata      000000
__Lbigram                              bigram       000000
__Lbss                                 bss          000000
__LbssCOMRAM                           bssCOMRAM    000000
__Lcinit                               cinit        000000
__Lclrtext                             clrtext      000000
__Lcomram                              comram       000000
__Lconfig                              config       000000
__Lconst                               const        000000
__LcstackBANK0                         cstackBANK0  000000
__LcstackCOMRAM                        cstackCOMRAM 000000
__Ldata                                data         000000
__LdataCOMRAM                          dataCOMRAM   000000
__Leeprom_data                         eeprom_data  000000
__Lfarbss                              farbss       000000
__Lfardata                             fardata      000000
__Libigdata                            ibigdata     000000
__Lidata                               idata        000000
__LidataCOMRAM                         idataCOMRAM  000000
__Lidloc                               idloc        000000
__Lifardata                            ifardata     000000
__Linit                                init         00001A
__Lintsave_regs                        intsave_regs 000000
__Lirdata                              irdata       000000
__Livt0x8                              ivt0x8       000008
__Lmediumconst                         mediumconst  000000
__LnvFARRAM                            nvFARRAM     000000
__Lnvbit                               nvbit        000000
__Lnvrram                              nvrram       000000
__Lparam                               rparam       000000
__Lpowerup                             powerup      000000
__Lram                                 ram          000000
__Lramtop                              ramtop       001000
__Lrbit                                rbit         000000
__Lrbss                                rbss         000000
__Lrdata                               rdata        000000
__Lreset_vec                           reset_vec    000000
__Lrparam                              rparam       000000
__Lsfr                                 sfr          000000
__Lsmallconst                          smallconst   000000
__Lspace_0                             (abs)        000000
__Lspace_1                             (abs)        000000
__Lspace_2                             (abs)        000000
__Lspace_4                             (abs)        000000
__Lstack                               stack        000000
__Lstruct                              struct       000000
__Ltemp                                temp         000000
__Ltext                                text         000000
__Ltext0                               text0        000000
__Ltext1                               text1        000000
__Ltext10                              text10       000000
__Ltext2                               text2        000000
__Ltext3                               text3        000000
__Ltext4                               text4        000000
__Ltext5                               text5        000000
__Ltext6                               text6        000000
__Ltext7                               text7        000000
__Ltext8                               text8        000000
__Ltext9                               text9        000000
__S0                                   (abs)        000395
__S1                                   (abs)        000065
__S2                                   (abs)        000000
__S4                                   (abs)        000000
__S5                                   (abs)        000000
___inthi_sp                            stack        000000
___intlo_sp                            stack        000000
___param_bank                          (abs)        000000
___rparam_used                         (abs)        000001
___sp                                  stack        000000
__accesstop                            (abs)        000060
__activetblptr                         (abs)        000002
__end_of_ADCC_Initialize               text6        0001E6
__end_of_FVR_Initialize                text5        000394
__end_of_OSCILLATOR_Initialize         text4        00031C
__end_of_PIN_MANAGER_Initialize        text3        0002B6
__end_of_PMD_Initialize                text2        000366
__end_of_SYSTEM_Initialize             text1        00037C
__end_of__initialization               cinit        0002E2
__end_of_can_handle_interrupt          text9        00018A
__end_of_interrupt_handler             text7        00027E
__end_of_main                          text0        00038C
__end_of_memcpy                        text10       000240
__end_of_timer0_handle_interrupt       text8        000342
__initialization                       cinit        0002B6
__mediumconst                          mediumconst  000000
__pbssCOMRAM                           bssCOMRAM    000026
__pcinit                               cinit        0002B6
__pcstackBANK0                         cstackBANK0  000060
__pcstackCOMRAM                        cstackCOMRAM 000001
__pdataCOMRAM                          dataCOMRAM   000043
__pidataCOMRAM                         idataCOMRAM  000394
__pivt0x8                              ivt0x8       000008
__ptext0                               text0        00037C
__ptext1                               text1        000366
__ptext10                              text10       0001E6
__ptext2                               text2        000342
__ptext3                               text3        00027E
__ptext4                               text4        0002EC
__ptext5                               text5        00038C
__ptext6                               text6        00018A
__ptext7                               text7        000240
__ptext8                               text8        00031C
__ptext9                               text9        00001E
__ramtop                               ramtop       001000
__size_of_ADCC_Initialize              (abs)        000000
__size_of_FVR_Initialize               (abs)        000000
__size_of_OSCILLATOR_Initialize        (abs)        000000
__size_of_PIN_MANAGER_Initialize       (abs)        000000
__size_of_PMD_Initialize               (abs)        000000
__size_of_SYSTEM_Initialize            (abs)        000000
__size_of_can_handle_interrupt         (abs)        000000
__size_of_interrupt_handler            (abs)        000000
__size_of_main                         (abs)        000000
__size_of_memcpy                       (abs)        000000
__size_of_timer0_handle_interrupt      (abs)        000000
__smallconst                           smallconst   000000
_buf                                   bssCOMRAM    000039
_can_handle_interrupt                  text9        00001E
_can_rcv_cb                            bssCOMRAM    000036
_ctx                                   bssCOMRAM    00002A
_current_valve_state                   dataCOMRAM   000043
_interrupt_handler                     text7        000240
_main                                  text0        00037C
_memcpy                                text10       0001E6
_millis_counter                        bssCOMRAM    000026
_timer0_handle_interrupt               text8        00031C
can_handle_interrupt@rcvd_msg          cstackCOMRAM 000010
can_handle_interrupt@rcvd_msg_755      cstackCOMRAM 00001B
end_of_initialization                  cinit        0002E2
intlevel0                              text         000000
intlevel1                              text         000000
intlevel2                              text         000000
intlevel3                              text         000000
isa$std                                (abs)        000001
isa$xinst                              (abs)        000000
ivt0x8_base                            ivt0x8       000008
memcpy@d                               cstackCOMRAM 000007
memcpy@d1                              cstackCOMRAM 000001
memcpy@n                               cstackCOMRAM 000005
memcpy@s                               cstackCOMRAM 000009
memcpy@s1                              cstackCOMRAM 000003
memcpy@tmp                             cstackCOMRAM 00000B
stackhi                                (abs)        000FFF
stacklo                                (abs)        000065
start                                  init         00001A
start_initialization                   cinit        0002B6
timer0_handle_interrupt@internal_count bssCOMRAM    000038


MODULE INFORMATION

Module		Function		Class		Link	Load	Size
mcc_generated_files/fvr.c
		_FVR_Initialize		CODE           	038C	0000	8

mcc_generated_files/fvr.c estimated size: 8

canlib/pic18f26k83/pic18f26k83_can.c
		_can_handle_interrupt		CODE           	001E	0000	364

canlib/pic18f26k83/pic18f26k83_can.c estimated size: 364

timer.c
		_timer0_handle_interrupt		CODE           	031C	0000	38

timer.c estimated size: 38

mcc_generated_files/pin_manager.c
		_PIN_MANAGER_Initialize		CODE           	027E	0000	56

mcc_generated_files/pin_manager.c estimated size: 56

shared
		__initialization		CODE           	02B6	0000	44

shared estimated size: 44

mcc_generated_files/mcc.c
		_PMD_Initialize		CODE           	0342	0000	36
		_OSCILLATOR_Initialize		CODE           	02EC	0000	48
		_SYSTEM_Initialize		CODE           	0366	0000	22

mcc_generated_files/mcc.c estimated size: 106

C:\Program Files\Microchip\xc8\v2.32\pic\sources\c90\common\memcpy.c
		_memcpy        		CODE           	01E6	0000	90

C:\Program Files\Microchip\xc8\v2.32\pic\sources\c90\common\memcpy.c estimated size: 90

mcc_generated_files/adcc.c
		_ADCC_Initialize		CODE           	018A	0000	92

mcc_generated_files/adcc.c estimated size: 92

main.c
		_main          		CODE           	037C	0000	16
		_interrupt_handler		CODE           	0240	0000	62

main.c estimated size: 78

