Microchip MPLAB XC8 Compiler V2.32

Linker command line:

-W-3 --edf=C:\Program Files\Microchip\xc8\v2.32\pic\dat\en_msgs.txt -cn \
  -h+dist/default/production\mcp2515_picdev.X.production.sym \
  --cmf=dist/default/production\mcp2515_picdev.X.production.cmf -z \
  -Q16F1455 -oC:\Users\Joe\AppData\Local\Temp\xcAsar4.4 \
  --defsym=__MPLAB_BUILD=1 \
  -Mdist/default/production/mcp2515_picdev.X.production.map -E1 \
  -ver=XC8 Compiler --acfsm=1493 -ASTACK=02037h-023EFh -pstack=STACK \
  -ACODE=00h-07FFhx4 -ASTRCODE=00h-01FFFh -ASTRING=00h-0FFhx32 \
  -ACONST=00h-0FFhx32 -AENTRY=00h-0FFhx32 -ACOMMON=070h-07Fh \
  -ABANK0=020h-06Fh -ABANK1=0A0h-0EFh -ABANK2=0120h-016Fh \
  -ABANK3=01A0h-01EFh -ABANK4=0220h-026Fh -ABANK5=02A0h-02EFh \
  -ABANK6=0320h-036Fh -ABANK7=03A0h-03EFh -ABANK8=0420h-046Fh \
  -ABANK9=04A0h-04EFh -ABANK10=0520h-056Fh -ABANK11=05A0h-05EFh \
  -ABANK12=0620h-064Fh -ABIGRAM=02000h-023EFh \
  -ARAM=020h-06Fh,0A0h-0EFh,0120h-016Fh,01A0h-01EFh,0220h-026Fh,02A0h-02EFh,0320h-036Fh,03A0h-03EFh,0420h-046Fh,04A0h-04EFh,0520h-056Fh,05A0h-05EFh,0620h-064Fh \
  -AABS1=020h-07Fh,0A0h-0EFh,0120h-016Fh,01A0h-01EFh,0220h-026Fh,02A0h-02EFh,0320h-036Fh,03A0h-03EFh,0420h-046Fh,04A0h-04EFh,0520h-056Fh,05A0h-05EFh,0620h-064Fh \
  -ASFR0=00h-01Fh -ASFR1=080h-09Fh -ASFR2=0100h-011Fh -ASFR3=0180h-019Fh \
  -ASFR4=0200h-021Fh -ASFR5=0280h-029Fh -ASFR6=0300h-031Fh \
  -ASFR7=0380h-039Fh -ASFR8=0400h-041Fh -ASFR9=0480h-049Fh \
  -ASFR10=0500h-051Fh -ASFR11=0580h-059Fh -ASFR12=0600h-061Fh \
  -ASFR13=0680h-06EFh -ASFR14=0700h-076Fh -ASFR15=0780h-07EFh \
  -ASFR16=0800h-086Fh -ASFR17=0880h-08EFh -ASFR18=0900h-096Fh \
  -ASFR19=0980h-09EFh -ASFR20=0A00h-0A6Fh -ASFR21=0A80h-0AEFh \
  -ASFR22=0B00h-0B6Fh -ASFR23=0B80h-0BEFh -ASFR24=0C00h-0C6Fh \
  -ASFR25=0C80h-0CEFh -ASFR26=0D00h-0D6Fh -ASFR27=0D80h-0DEFh \
  -ASFR28=0E00h-0E6Fh -ASFR29=0E80h-0EEFh -ASFR30=0F00h-0F6Fh \
  -ASFR31=0F80h-0FEFh -ACONFIG=08007h-08008h -DCONFIG=2 \
  -AIDLOC=08000h-08003h -DIDLOC=2 -DCODE=2 -DSTRCODE=2 -DSTRING=2 -DCONST=2 \
  -DENTRY=2 -preset_vec=00h,intentry=04h,init,end_init -ppowerup=CODE \
  -pcinit=CODE -pfunctab=ENTRY -k C:\Users\Joe\AppData\Local\Temp\xcAsar4.o \
  dist/default/production\mcp2515_picdev.X.production.o 

Object code version is 3.11

Machine type is 16F1455



                Name                               Link     Load   Length Selector   Space Scale
C:\Users\Joe\AppData\Local\Temp\xcAsar4.o
                end_init                             39       39        2        8       0
                reset_vec                             0        0        2        0       0
                config                             8007     8007        2        0       4
dist/default/production\mcp2515_picdev.X.production.o
                cinit                                3B       3B        D        8       0
                intentry                              4        4       35        8       0
                config                             8007     8007        2        0       4
                text18                              339      339        E        8       0
                text17                              32B      32B        E        8       0
                text16                              294      294       2F        8       0
                text15                              16F      16F       6A        8       0
                text13                              31D      31D        E        8       0
                text12                              2D7      2D7       14        8       0
                text11                              354      354        9        8       0
                text10                              35D      35D        4        8       0
                text9                               347      347        D        8       0
                text8                               2EB      2EB       13        8       0
                text7                               30F      30F        E        8       0
                text6                               2C3      2C3       14        8       0
                text5                               235      235       30        8       0
                text4                               265      265       2F        8       0
                text3                                48       48       B4        8       0
                text2                                FC       FC       73        8       0
                text1                               2FE      2FE       11        8       0
                maintext                            1D9      1D9       5C        8       0
                cstackBANK0                          20       20       2F       20       1
                cstackCOMMON                         70       70        C       70       1
                bssBANK0                             4F       4F        8       20       1

TOTAL           Name                               Link     Load   Length     Space
        CLASS   STACK          

        CLASS   CODE           
                end_init                             39       39        2         0
                cinit                                3B       3B        D         0
                intentry                              4        4       35         0
                reset_vec                             0        0        2         0
                text18                              339      339        E         0
                text17                              32B      32B        E         0
                text16                              294      294       2F         0
                text15                              16F      16F       6A         0
                text13                              31D      31D        E         0
                text12                              2D7      2D7       14         0
                text11                              354      354        9         0
                text10                              35D      35D        4         0
                text9                               347      347        D         0
                text8                               2EB      2EB       13         0
                text7                               30F      30F        E         0
                text6                               2C3      2C3       14         0
                text5                               235      235       30         0
                text4                               265      265       2F         0
                text3                                48       48       B4         0
                text2                                FC       FC       73         0
                text1                               2FE      2FE       11         0
                maintext                            1D9      1D9       5C         0

        CLASS   STRCODE        

        CLASS   STRING         

        CLASS   CONST          

        CLASS   ENTRY          

        CLASS   COMMON         
                cstackCOMMON                         70       70        C         1

        CLASS   BANK0          
                cstackBANK0                          20       20       2F         1
                bssBANK0                             4F       4F        8         1

        CLASS   BANK1          

        CLASS   BANK2          

        CLASS   BANK3          

        CLASS   BANK4          

        CLASS   BANK5          

        CLASS   BANK6          

        CLASS   BANK7          

        CLASS   BANK8          

        CLASS   BANK9          

        CLASS   BANK10         

        CLASS   BANK11         

        CLASS   BANK12         

        CLASS   BIGRAM         

        CLASS   RAM            

        CLASS   ABS1           
                abs_s1                               7E       7E        2         1

        CLASS   SFR0           

        CLASS   SFR1           

        CLASS   SFR2           

        CLASS   SFR3           

        CLASS   SFR4           

        CLASS   SFR5           

        CLASS   SFR6           

        CLASS   SFR7           

        CLASS   SFR8           

        CLASS   SFR9           

        CLASS   SFR10          

        CLASS   SFR11          

        CLASS   SFR12          

        CLASS   SFR13          

        CLASS   SFR14          

        CLASS   SFR15          

        CLASS   SFR16          

        CLASS   SFR17          

        CLASS   SFR18          

        CLASS   SFR19          

        CLASS   SFR20          

        CLASS   SFR21          

        CLASS   SFR22          

        CLASS   SFR23          

        CLASS   SFR24          

        CLASS   SFR25          

        CLASS   SFR26          

        CLASS   SFR27          

        CLASS   SFR28          

        CLASS   SFR29          

        CLASS   SFR30          

        CLASS   SFR31          

        CLASS   CONFIG         
                config                             8007     8007        2         4

        CLASS   IDLOC          

        CLASS   BANK31         

        CLASS   BANK30         

        CLASS   BANK29         

        CLASS   BANK28         

        CLASS   BANK27         

        CLASS   BANK26         

        CLASS   BANK25         

        CLASS   BANK24         

        CLASS   BANK23         

        CLASS   BANK22         

        CLASS   BANK21         

        CLASS   BANK20         

        CLASS   BANK19         

        CLASS   BANK18         

        CLASS   BANK17         

        CLASS   BANK16         

        CLASS   BANK15         

        CLASS   BANK14         

        CLASS   BANK13         

        CLASS   EEDATA         



SEGMENTS        Name                           Load    Length   Top    Selector   Space  Class     Delta

                reset_vec                      000000  000002  000002         0       0  CODE        2
                intentry                       000004  00035D  000361         8       0  CODE        2
                cstackBANK0                    000020  000037  000057        20       1  BANK0       1
                cstackCOMMON                   000070  00000C  00007C        70       1  COMMON      1


UNUSED ADDRESS RANGES

        Name                Unused          Largest block    Delta
        BANK0            00057-0006F              19           1
        BANK1            000A0-000EF              50           1
        BANK10           00520-0056F              50           1
        BANK11           005A0-005EF              50           1
        BANK12           00620-0064F              30           1
        BANK2            00120-0016F              50           1
        BANK3            001A0-001EF              50           1
        BANK4            00220-0026F              50           1
        BANK5            002A0-002EF              50           1
        BANK6            00320-0036F              50           1
        BANK7            003A0-003EF              50           1
        BANK8            00420-0046F              50           1
        BANK9            004A0-004EF              50           1
        BIGRAM           02000-023EF             3F0           1
        CODE             00002-00003               2           2
                         00361-01FFF             800
        COMMON           0007C-0007D               2           1
        CONST            00002-00003               2           2
                         00361-01FFF             100
        ENTRY            00002-00003               2           2
                         00361-01FFF             100
        IDLOC            08000-08003               4           2
        RAM              00057-0006F              19           1
                         000A0-000EF              50
                         00120-0016F              50
                         001A0-001EF              50
                         00220-0026F              50
                         002A0-002EF              50
                         00320-0036F              50
                         003A0-003EF              50
                         00420-0046F              50
                         004A0-004EF              50
                         00520-0056F              50
                         005A0-005EF              50
                         00620-0064F              30
        SFR0             00000-0001F              20           1
        SFR1             00080-0009F              20           1
        SFR10            00500-0051F              20           1
        SFR11            00580-0059F              20           1
        SFR12            00600-0061F              20           1
        SFR13            00680-006EF              70           1
        SFR14            00700-0076F              70           1
        SFR15            00780-007EF              70           1
        SFR16            00800-0086F              70           1
        SFR17            00880-008EF              70           1
        SFR18            00900-0096F              70           1
        SFR19            00980-009EF              70           1
        SFR2             00100-0011F              20           1
        SFR20            00A00-00A6F              70           1
        SFR21            00A80-00AEF              70           1
        SFR22            00B00-00B6F              70           1
        SFR23            00B80-00BEF              70           1
        SFR24            00C00-00C6F              70           1
        SFR25            00C80-00CEF              70           1
        SFR26            00D00-00D6F              70           1
        SFR27            00D80-00DEF              70           1
        SFR28            00E00-00E6F              70           1
        SFR29            00E80-00EEF              70           1
        SFR3             00180-0019F              20           1
        SFR30            00F00-00F6F              70           1
        SFR31            00F80-00FEF              70           1
        SFR4             00200-0021F              20           1
        SFR5             00280-0029F              20           1
        SFR6             00300-0031F              20           1
        SFR7             00380-0039F              20           1
        SFR8             00400-0041F              20           1
        SFR9             00480-0049F              20           1
        STACK            02037-023EF             3B9           1
        STRCODE          00002-00003               2           2
                         00361-01FFF            1C9F
        STRING           00002-00003               2           2
                         00361-01FFF             100

                                  Symbol Table

INTERRUPT_InterruptManager@msg       cstackBANK0  00020
_ACTCON                              (abs)        0039B
_ANSELA                              (abs)        0018C
_ANSELC                              (abs)        0018E
_APFCON                              (abs)        0011D
_BORCON                              (abs)        00116
_INTCONbits                          (abs)        0000B
_INTERRUPT_InterruptManager          intentry     00004
_LATA                                (abs)        0010C
_LATC                                (abs)        0010E
_LATC5                               (abs)        00875
_OPTION_REGbits                      (abs)        00095
_OSCCON                              (abs)        00099
_OSCILLATOR_Initialize               text13       0031D
_OSCTUNE                             (abs)        00098
_PIE1bits                            (abs)        00091
_PIN_MANAGER_Initialize              text12       002D7
_PIR1bits                            (abs)        00011
_PLLRDY                              (abs)        004D6
_SSPBUF                              (abs)        00211
_SSPCON1                             (abs)        00215
_SSPCON2                             (abs)        00216
_SSPCONbits                          (abs)        00215
_SSPSTAT                             (abs)        00214
_SYSTEM_Initialize                   text9        00347
_T1CONbits                           (abs)        00018
_TIMER_Initialize                    text11       00354
_TRISA                               (abs)        0008C
_TRISC                               (abs)        0008E
_TRISC5                              (abs)        00475
_TRISCbits                           (abs)        0008E
_WDTCON                              (abs)        00097
_WDT_Initialize                      text10       0035D
_WPUA                                (abs)        0020C
__Habs1                              abs1         00000
__Hbank0                             bank0        00000
__Hbank1                             bank1        00000
__Hbank10                            bank10       00000
__Hbank11                            bank11       00000
__Hbank12                            bank12       00000
__Hbank13                            bank13       00000
__Hbank14                            bank14       00000
__Hbank15                            bank15       00000
__Hbank16                            bank16       00000
__Hbank17                            bank17       00000
__Hbank18                            bank18       00000
__Hbank19                            bank19       00000
__Hbank2                             bank2        00000
__Hbank20                            bank20       00000
__Hbank21                            bank21       00000
__Hbank22                            bank22       00000
__Hbank23                            bank23       00000
__Hbank24                            bank24       00000
__Hbank25                            bank25       00000
__Hbank26                            bank26       00000
__Hbank27                            bank27       00000
__Hbank28                            bank28       00000
__Hbank29                            bank29       00000
__Hbank3                             bank3        00000
__Hbank30                            bank30       00000
__Hbank31                            bank31       00000
__Hbank4                             bank4        00000
__Hbank5                             bank5        00000
__Hbank6                             bank6        00000
__Hbank7                             bank7        00000
__Hbank8                             bank8        00000
__Hbank9                             bank9        00000
__Hbigram                            bigram       00000
__HbssBANK0                          bssBANK0     00000
__Hcinit                             cinit        00048
__Hclrtext                           clrtext      00000
__Hcode                              code         00000
__Hcommon                            common       00000
__Hconfig                            config       08009
__HcstackBANK0                       cstackBANK0  00000
__HcstackCOMMON                      cstackCOMMON 00000
__Heeprom_data                       eeprom_data  00000
__Hend_init                          end_init     0003B
__Hfunctab                           functab      00000
__Hinit                              init         00039
__Hintentry                          intentry     00039
__Hmaintext                          maintext     00000
__Hpowerup                           powerup      00000
__Hram                               ram          00000
__Hreset_vec                         reset_vec    00002
__Hsfr0                              sfr0         00000
__Hsfr1                              sfr1         00000
__Hsfr10                             sfr10        00000
__Hsfr11                             sfr11        00000
__Hsfr12                             sfr12        00000
__Hsfr13                             sfr13        00000
__Hsfr14                             sfr14        00000
__Hsfr15                             sfr15        00000
__Hsfr16                             sfr16        00000
__Hsfr17                             sfr17        00000
__Hsfr18                             sfr18        00000
__Hsfr19                             sfr19        00000
__Hsfr2                              sfr2         00000
__Hsfr20                             sfr20        00000
__Hsfr21                             sfr21        00000
__Hsfr22                             sfr22        00000
__Hsfr23                             sfr23        00000
__Hsfr24                             sfr24        00000
__Hsfr25                             sfr25        00000
__Hsfr26                             sfr26        00000
__Hsfr27                             sfr27        00000
__Hsfr28                             sfr28        00000
__Hsfr29                             sfr29        00000
__Hsfr3                              sfr3         00000
__Hsfr30                             sfr30        00000
__Hsfr31                             sfr31        00000
__Hsfr4                              sfr4         00000
__Hsfr5                              sfr5         00000
__Hsfr6                              sfr6         00000
__Hsfr7                              sfr7         00000
__Hsfr8                              sfr8         00000
__Hsfr9                              sfr9         00000
__Hspace_0                           (abs)        00361
__Hspace_1                           (abs)        0007C
__Hspace_2                           (abs)        00000
__Hspace_3                           (abs)        00000
__Hspace_4                           (abs)        10010
__Hstack                             stack        00000
__Hstrings                           strings      00000
__Htext                              text         00000
__Labs1                              abs1         00000
__Lbank0                             bank0        00000
__Lbank1                             bank1        00000
__Lbank10                            bank10       00000
__Lbank11                            bank11       00000
__Lbank12                            bank12       00000
__Lbank13                            bank13       00000
__Lbank14                            bank14       00000
__Lbank15                            bank15       00000
__Lbank16                            bank16       00000
__Lbank17                            bank17       00000
__Lbank18                            bank18       00000
__Lbank19                            bank19       00000
__Lbank2                             bank2        00000
__Lbank20                            bank20       00000
__Lbank21                            bank21       00000
__Lbank22                            bank22       00000
__Lbank23                            bank23       00000
__Lbank24                            bank24       00000
__Lbank25                            bank25       00000
__Lbank26                            bank26       00000
__Lbank27                            bank27       00000
__Lbank28                            bank28       00000
__Lbank29                            bank29       00000
__Lbank3                             bank3        00000
__Lbank30                            bank30       00000
__Lbank31                            bank31       00000
__Lbank4                             bank4        00000
__Lbank5                             bank5        00000
__Lbank6                             bank6        00000
__Lbank7                             bank7        00000
__Lbank8                             bank8        00000
__Lbank9                             bank9        00000
__Lbigram                            bigram       00000
__LbssBANK0                          bssBANK0     00000
__Lcinit                             cinit        0003B
__Lclrtext                           clrtext      00000
__Lcode                              code         00000
__Lcommon                            common       00000
__Lconfig                            config       00000
__LcstackBANK0                       cstackBANK0  00000
__LcstackCOMMON                      cstackCOMMON 00000
__Leeprom_data                       eeprom_data  00000
__Lend_init                          end_init     00039
__Lfunctab                           functab      00000
__Linit                              init         00039
__Lintentry                          intentry     00004
__Lmaintext                          maintext     00000
__Lpowerup                           powerup      00000
__Lram                               ram          00000
__Lreset_vec                         reset_vec    00000
__Lsfr0                              sfr0         00000
__Lsfr1                              sfr1         00000
__Lsfr10                             sfr10        00000
__Lsfr11                             sfr11        00000
__Lsfr12                             sfr12        00000
__Lsfr13                             sfr13        00000
__Lsfr14                             sfr14        00000
__Lsfr15                             sfr15        00000
__Lsfr16                             sfr16        00000
__Lsfr17                             sfr17        00000
__Lsfr18                             sfr18        00000
__Lsfr19                             sfr19        00000
__Lsfr2                              sfr2         00000
__Lsfr20                             sfr20        00000
__Lsfr21                             sfr21        00000
__Lsfr22                             sfr22        00000
__Lsfr23                             sfr23        00000
__Lsfr24                             sfr24        00000
__Lsfr25                             sfr25        00000
__Lsfr26                             sfr26        00000
__Lsfr27                             sfr27        00000
__Lsfr28                             sfr28        00000
__Lsfr29                             sfr29        00000
__Lsfr3                              sfr3         00000
__Lsfr30                             sfr30        00000
__Lsfr31                             sfr31        00000
__Lsfr4                              sfr4         00000
__Lsfr5                              sfr5         00000
__Lsfr6                              sfr6         00000
__Lsfr7                              sfr7         00000
__Lsfr8                              sfr8         00000
__Lsfr9                              sfr9         00000
__Lspace_0                           (abs)        00000
__Lspace_1                           (abs)        00000
__Lspace_2                           (abs)        00000
__Lspace_3                           (abs)        00000
__Lspace_4                           (abs)        00000
__Lstack                             stack        00000
__Lstrings                           strings      00000
__Ltext                              text         00000
__S0                                 (abs)        00361
__S1                                 (abs)        0007C
__S2                                 (abs)        00000
___cs_drive                          bssBANK0     0004F
___int_sp                            stack        00000
___latbits                           (abs)        00002
___sp                                stack        00000
___spi_read                          bssBANK0     00053
___spi_write                         bssBANK0     00051
___stackhi                           (abs)        023EF
___stacklo                           (abs)        02037
__end_of_INTERRUPT_InterruptManager  intentry     00039
__end_of_OSCILLATOR_Initialize       text13       0032B
__end_of_PIN_MANAGER_Initialize      text12       002EB
__end_of_SYSTEM_Initialize           text9        00354
__end_of_TIMER_Initialize            text11       0035D
__end_of_WDT_Initialize              text10       00361
__end_of__initialization             cinit        00044
__end_of_cs_drive                    text8        002FE
__end_of_main                        maintext     00235
__end_of_mcp_can_init                text3        000FC
__end_of_mcp_can_send                text2        0016F
__end_of_mcp_read_reg                text5        00265
__end_of_mcp_write_reg               text4        00294
__end_of_spi_init                    text1        0030F
__end_of_spi_read                    text7        0031D
__end_of_spi_write                   text6        002D7
__end_ofi1_cs_drive                  text18       00347
__end_ofi1_mcp_can_send              text15       001D9
__end_ofi1_mcp_write_reg             text16       002C3
__end_ofi1_spi_write                 text17       00339
__initialization                     cinit        0003B
__pbssBANK0                          bssBANK0     0004F
__pcstackBANK0                       cstackBANK0  00020
__pcstackCOMMON                      cstackCOMMON 00070
__pintentry                          intentry     00004
__pmaintext                          maintext     001D9
__ptext1                             text1        002FE
__ptext10                            text10       0035D
__ptext11                            text11       00354
__ptext12                            text12       002D7
__ptext13                            text13       0031D
__ptext15                            text15       0016F
__ptext16                            text16       00294
__ptext17                            text17       0032B
__ptext18                            text18       00339
__ptext2                             text2        000FC
__ptext3                             text3        00048
__ptext4                             text4        00265
__ptext5                             text5        00235
__ptext6                             text6        002C3
__ptext7                             text7        0030F
__ptext8                             text8        002EB
__ptext9                             text9        00347
__size_of_INTERRUPT_InterruptManager (abs)        00000
__size_of_OSCILLATOR_Initialize      (abs)        00000
__size_of_PIN_MANAGER_Initialize     (abs)        00000
__size_of_SYSTEM_Initialize          (abs)        00000
__size_of_TIMER_Initialize           (abs)        00000
__size_of_WDT_Initialize             (abs)        00000
__size_of_cs_drive                   (abs)        00000
__size_of_main                       (abs)        00000
__size_of_mcp_can_init               (abs)        00000
__size_of_mcp_can_send               (abs)        00000
__size_of_mcp_read_reg               (abs)        00000
__size_of_mcp_write_reg              (abs)        00000
__size_of_spi_init                   (abs)        00000
__size_of_spi_read                   (abs)        00000
__size_of_spi_write                  (abs)        00000
__size_ofi1_cs_drive                 (abs)        00000
__size_ofi1_mcp_can_send             (abs)        00000
__size_ofi1_mcp_write_reg            (abs)        00000
__size_ofi1_spi_write                (abs)        00000
_counter                             bssBANK0     00055
_cs_drive                            text8        002EB
_cs_drive$intlevel0                  text8        002EF
_main                                maintext     001D9
_mcp_can_init                        text3        00048
_mcp_can_send                        text2        000FC
_mcp_read_reg                        text5        00235
_mcp_write_reg                       text4        00265
_spi_init                            text1        002FE
_spi_read                            text7        0030F
_spi_write                           text6        002C3
_spi_write$intlevel0                 text6        002C7
btemp                                (abs)        0007E
cs_drive@state                       cstackBANK0  0002B
end_of_initialization                cinit        00044
i1_cs_drive                          text18       00339
i1_mcp_can_send                      text15       0016F
i1_mcp_write_reg                     text16       00294
i1_spi_write                         text17       0032B
i1cs_drive@state                     cstackCOMMON 00070
i1mcp_can_send@i                     cstackCOMMON 00078
i1mcp_can_send@msg                   cstackCOMMON 0007A
i1mcp_write_reg@addr                 cstackCOMMON 00074
i1mcp_write_reg@data                 cstackCOMMON 00072
i1spi_write@data                     cstackCOMMON 00070
int$flags                            (abs)        0007E
intlevel0                            functab      00000
intlevel1                            functab      00000
intlevel2                            functab      00000
intlevel3                            functab      00000
intlevel4                            functab      00000
intlevel5                            functab      00000
main@can_setup                       cstackBANK0  00048
main@msg_LEDs_on                     cstackBANK0  0003D
mcp_can_init@can_params              cstackBANK0  0003A
mcp_can_init@cs_drive_fcn            cstackBANK0  00034
mcp_can_init@spi_read_fcn            cstackBANK0  00030
mcp_can_init@spi_write_fcn           cstackBANK0  00032
mcp_can_send@i                       cstackBANK0  00033
mcp_can_send@msg                     cstackBANK0  00035
mcp_read_reg@addr                    cstackBANK0  0002E
mcp_read_reg@ret                     cstackBANK0  0002F
mcp_write_reg@addr                   cstackBANK0  0002F
mcp_write_reg@data                   cstackBANK0  0002D
reset_vec                            reset_vec    00000
spi_write@data                       cstackBANK0  0002B
start                                init         00039
start_initialization                 cinit        0003B
wtemp0                               (abs)        0007E


MODULE INFORMATION

Module		Function		Class		Link	Load	Size
mcc_generated_files/interrupt_manager.c
		_INTERRUPT_InterruptManager		CODE           	0004	0000	53

mcc_generated_files/interrupt_manager.c estimated size: 53

mcc_generated_files/pin_manager.c
		_PIN_MANAGER_Initialize		CODE           	02D7	0000	20

mcc_generated_files/pin_manager.c estimated size: 20

../../mcp2515/mcp_2515.c
		_mcp_write_reg 		CODE           	0265	0000	47
		_mcp_can_send  		CODE           	00FC	0000	115
		_mcp_can_init  		CODE           	0048	0000	180
		_mcp_read_reg  		CODE           	0235	0000	48

../../mcp2515/mcp_2515.c estimated size: 390

spi.c
		_cs_drive      		CODE           	02EB	0000	19
		_spi_write     		CODE           	02C3	0000	20
		_spi_read      		CODE           	030F	0000	14
		_spi_init      		CODE           	02FE	0000	17

spi.c estimated size: 70

shared
		i1_cs_drive    		CODE           	0339	0000	14
		i1_mcp_can_send		CODE           	016F	0000	106
		i1_mcp_write_reg		CODE           	0294	0000	47
		__initialization		CODE           	003B	0000	9
		i1_spi_write   		CODE           	032B	0000	14

shared estimated size: 190

mcc_generated_files/mcc.c
		_WDT_Initialize		CODE           	035D	0000	4
		_OSCILLATOR_Initialize		CODE           	031D	0000	14
		_SYSTEM_Initialize		CODE           	0347	0000	13
		_TIMER_Initialize		CODE           	0354	0000	9

mcc_generated_files/mcc.c estimated size: 40

main.c
		_main          		CODE           	01D9	0000	92

main.c estimated size: 92

